------------------------------------------------------------
TimeQuest Timing Analyzer Summary
------------------------------------------------------------

Type  : Slow Model Setup 'KEY[0]'
Slack : -15.538
TNS   : -197.081

Type  : Slow Model Setup 'MUX:mux|out2[5]'
Slack : -2.516
TNS   : -44.729

Type  : Slow Model Setup 'MUX:mux|out2[4]'
Slack : -0.672
TNS   : -7.842

Type  : Slow Model Hold 'KEY[0]'
Slack : -2.614
TNS   : -24.055

Type  : Slow Model Hold 'MUX:mux|out2[5]'
Slack : -1.976
TNS   : -14.879

Type  : Slow Model Hold 'MUX:mux|out2[4]'
Slack : -0.505
TNS   : -1.817

Type  : Slow Model Minimum Pulse Width 'KEY[0]'
Slack : -1.807
TNS   : -108.173

Type  : Slow Model Minimum Pulse Width 'MUX:mux|out2[4]'
Slack : 0.500
TNS   : 0.000

Type  : Slow Model Minimum Pulse Width 'MUX:mux|out2[5]'
Slack : 0.500
TNS   : 0.000

Type  : Fast Model Setup 'KEY[0]'
Slack : -5.024
TNS   : -43.839

Type  : Fast Model Setup 'MUX:mux|out2[5]'
Slack : -0.414
TNS   : -5.602

Type  : Fast Model Setup 'MUX:mux|out2[4]'
Slack : 0.184
TNS   : 0.000

Type  : Fast Model Hold 'KEY[0]'
Slack : -1.448
TNS   : -13.448

Type  : Fast Model Hold 'MUX:mux|out2[5]'
Slack : -1.289
TNS   : -9.871

Type  : Fast Model Hold 'MUX:mux|out2[4]'
Slack : -0.079
TNS   : -0.109

Type  : Fast Model Minimum Pulse Width 'KEY[0]'
Slack : -1.519
TNS   : -89.830

Type  : Fast Model Minimum Pulse Width 'MUX:mux|out2[4]'
Slack : 0.500
TNS   : 0.000

Type  : Fast Model Minimum Pulse Width 'MUX:mux|out2[5]'
Slack : 0.500
TNS   : 0.000

------------------------------------------------------------
