------------------------------------------------------------
TimeQuest Timing Analyzer Summary
------------------------------------------------------------

Type  : Slow Model Setup 'KEY[0]'
Slack : -16.176
TNS   : -838.582

Type  : Slow Model Setup 'KEY[3]'
Slack : -1.892
TNS   : -39.644

Type  : Slow Model Hold 'KEY[0]'
Slack : 0.156
TNS   : 0.000

Type  : Slow Model Hold 'KEY[3]'
Slack : 0.970
TNS   : 0.000

Type  : Slow Model Minimum Pulse Width 'KEY[0]'
Slack : -1.807
TNS   : -274.365

Type  : Slow Model Minimum Pulse Width 'KEY[3]'
Slack : -1.469
TNS   : -34.463

Type  : Fast Model Setup 'KEY[0]'
Slack : -5.215
TNS   : -222.439

Type  : Fast Model Setup 'KEY[3]'
Slack : -0.127
TNS   : -1.260

Type  : Fast Model Hold 'KEY[0]'
Slack : 0.021
TNS   : 0.000

Type  : Fast Model Hold 'KEY[3]'
Slack : 0.354
TNS   : 0.000

Type  : Fast Model Minimum Pulse Width 'KEY[0]'
Slack : -1.519
TNS   : -225.830

Type  : Fast Model Minimum Pulse Width 'KEY[3]'
Slack : -1.222
TNS   : -28.222

------------------------------------------------------------
